{"Name":"mycompany.example.com/foo","Type":"GoPackage","Repo":"github.com/sgtest/gopath-in-repo","Files":["go/src/mycompany.example.com/foo/foo.go"],"Dir":"go/src/mycompany.example.com/foo","Data":{"AllTags":null,"BinDir":"","CFiles":null,"CXXFiles":null,"CgoCFLAGS":null,"CgoCPPFLAGS":null,"CgoCXXFLAGS":null,"CgoFiles":null,"CgoLDFLAGS":null,"CgoPkgConfig":null,"ConflictDir":"","Dir":"go/src/mycompany.example.com/foo","Doc":"","GoFiles":["foo.go"],"Goroot":false,"HFiles":null,"IgnoredGoFiles":null,"ImportComment":"","ImportPath":"mycompany.example.com/foo","ImportPos":null,"Imports":[],"MFiles":null,"Name":"foo","PkgObj":"","PkgRoot":"","PkgTargetRoot":"","Root":"","SFiles":null,"SrcRoot":"","SwigCXXFiles":null,"SwigFiles":null,"SysoFiles":null,"TestGoFiles":null,"TestImportPos":null,"TestImports":[],"XTestGoFiles":null,"XTestImportPos":null,"XTestImports":[]},"Config":{"GOPATH":"go"},"Ops":{"depresolve":null,"graph":null}}
