{"Name":"fmt","Type":"GoPackage","Files":["src/fmt/fake_fmt.go"],"Dir":"src/fmt","Data":{"Dir":"src/fmt","Name":"fmt","ImportComment":"","Doc":"","ImportPath":"fmt","Root":"","SrcRoot":"","PkgRoot":"","PkgTargetRoot":"","BinDir":"","Goroot":true,"PkgObj":"","AllTags":null,"ConflictDir":"","GoFiles":["fake_fmt.go"],"CgoFiles":null,"IgnoredGoFiles":null,"InvalidGoFiles":null,"CFiles":null,"CXXFiles":null,"MFiles":null,"HFiles":null,"SFiles":null,"SwigFiles":null,"SwigCXXFiles":null,"SysoFiles":null,"CgoCFLAGS":null,"CgoCPPFLAGS":null,"CgoCXXFLAGS":null,"CgoLDFLAGS":null,"CgoPkgConfig":null,"Imports":[],"ImportPos":null,"TestGoFiles":null,"TestImports":[],"TestImportPos":null,"XTestGoFiles":null,"XTestImports":[],"XTestImportPos":null},"Config":{"GOROOT":"."},"Ops":{"depresolve":null,"graph-all":null}}
