{
  "Defs": [
    {
      "UnitType": "GoPackage",
      "Unit": "fmt",
      "Path": ".",
      "Name": "fmt",
      "Kind": "package",
      "File": "src/fmt",
      "DefStart": 0,
      "DefEnd": 0,
      "Exported": true,
      "Data": {
        "Exported": true,
        "PkgName": "fmt",
        "TypeString": "",
        "Kind": "package",
        "PackageImportPath": "fmt"
      },
      "TreePath": "."
    },
    {
      "UnitType": "GoPackage",
      "Unit": "fmt",
      "Path": "FakePrintf",
      "Name": "FakePrintf",
      "Kind": "func",
      "File": "src/fmt/fake_fmt.go",
      "DefStart": 181,
      "DefEnd": 209,
      "Exported": true,
      "Data": {
        "Exported": true,
        "PkgScope": true,
        "PkgName": "fmt",
        "TypeString": "func(s string)",
        "UnderlyingTypeString": "func(s string)",
        "Kind": "func",
        "PackageImportPath": "fmt"
      },
      "TreePath": "./FakePrintf"
    },
    {
      "UnitType": "GoPackage",
      "Unit": "fmt",
      "Path": "FakePrintf/s",
      "Name": "s",
      "Kind": "var",
      "File": "src/fmt/fake_fmt.go",
      "DefStart": 197,
      "DefEnd": 205,
      "Local": true,
      "Data": {
        "PkgName": "fmt",
        "TypeString": "string",
        "UnderlyingTypeString": "string",
        "Kind": "var",
        "PackageImportPath": "fmt"
      },
      "TreePath": "./FakePrintf/s"
    }
  ],
  "Refs": [
    {
      "DefUnitType": "GoPackage",
      "DefUnit": "fmt",
      "DefPath": ".",
      "File": "src/fmt/fake_fmt.go",
      "Start": 8,
      "End": 11
    },
    {
      "DefUnitType": "GoPackage",
      "DefUnit": "fmt",
      "DefPath": "FakePrintf/s",
      "Def": true,
      "File": "src/fmt/fake_fmt.go",
      "Start": 197,
      "End": 198
    },
    {
      "DefUnitType": "GoPackage",
      "DefUnit": "fmt",
      "DefPath": "FakePrintf",
      "Def": true,
      "File": "src/fmt/fake_fmt.go",
      "Start": 186,
      "End": 196
    },
    {
      "DefRepo": "github.com/golang/go",
      "DefUnitType": "GoPackage",
      "DefUnit": "builtin",
      "DefPath": "string",
      "File": "src/fmt/fake_fmt.go",
      "Start": 199,
      "End": 205
    }
  ],
  "Docs": [
    {
      "UnitType": "GoPackage",
      "Unit": "fmt",
      "Path": "FakePrintf",
      "Format": "text/html",
      "Data": "\u003cp\u003e\nFakePrintf is not the real printf. We\u0026#39;re testing that our analyzer looks at\nthe repository being analyzed, and not the Go stdlib, if GoBaseImportPaths is\nset.\n\u003c/p\u003e\n",
      "File": "src/fmt/fake_fmt.go",
      "Start": 13,
      "End": 180
    },
    {
      "UnitType": "GoPackage",
      "Unit": "fmt",
      "Path": "FakePrintf",
      "Format": "text/plain",
      "Data": "FakePrintf is not the real printf. We're testing that our analyzer looks at\nthe repository being analyzed, and not the Go stdlib, if GoBaseImportPaths is\nset.\n",
      "File": "src/fmt/fake_fmt.go",
      "Start": 13,
      "End": 180
    }
  ]
}