{"Name":"github.com/sgtest/go15vendor/bye","Type":"GoPackage","Files":["bye/bye.go"],"Dir":"bye","Data":{"Dir":"bye","Name":"bye","ImportComment":"","Doc":"","ImportPath":"github.com/sgtest/go15vendor/bye","Root":"","SrcRoot":"","PkgRoot":"","PkgTargetRoot":"","BinDir":"","Goroot":false,"PkgObj":"","AllTags":null,"ConflictDir":"","GoFiles":["bye.go"],"CgoFiles":null,"IgnoredGoFiles":null,"InvalidGoFiles":null,"CFiles":null,"CXXFiles":null,"MFiles":null,"HFiles":null,"SFiles":null,"SwigFiles":null,"SwigCXXFiles":null,"SysoFiles":null,"CgoCFLAGS":null,"CgoCPPFLAGS":null,"CgoCXXFLAGS":null,"CgoLDFLAGS":null,"CgoPkgConfig":null,"Imports":[],"ImportPos":null,"TestGoFiles":null,"TestImports":[],"TestImportPos":null,"XTestGoFiles":null,"XTestImports":[],"XTestImportPos":null},"Ops":{"depresolve":null,"graph":null}}
