{"Name":"github.com/sgtest/go15vendor","Type":"GoPackage","Files":["main.go"],"Dir":".","Dependencies":[{"Repo":"?","Type":"GoPackage","Name":"fmt"},{"Repo":"?","Type":"GoPackage","Name":"github.com/sgtest/go-vendored-lib/hi"},{"Repo":"?","Type":"GoPackage","Name":"github.com/sgtest/go15vendor/bye"}],"Data":{"Dir":".","Name":"main","ImportComment":"","Doc":"","ImportPath":"github.com/sgtest/go15vendor","Root":"","SrcRoot":"","PkgRoot":"","PkgTargetRoot":"","BinDir":"","Goroot":false,"PkgObj":"","AllTags":null,"ConflictDir":"","GoFiles":["main.go"],"CgoFiles":null,"IgnoredGoFiles":null,"InvalidGoFiles":null,"CFiles":null,"CXXFiles":null,"MFiles":null,"HFiles":null,"SFiles":null,"SwigFiles":null,"SwigCXXFiles":null,"SysoFiles":null,"CgoCFLAGS":null,"CgoCPPFLAGS":null,"CgoCXXFLAGS":null,"CgoLDFLAGS":null,"CgoPkgConfig":null,"Imports":["fmt","github.com/sgtest/go-vendored-lib/hi","github.com/sgtest/go15vendor/bye"],"ImportPos":null,"TestGoFiles":null,"TestImports":[],"TestImportPos":null,"XTestGoFiles":null,"XTestImports":[],"XTestImportPos":null},"Ops":{"depresolve":null,"graph-all":null}}
