[{"Raw":"fmt","Target":{"ToRepoCloneURL":"https://github.com/golang/go","ToRevSpec":"","ToUnit":"fmt","ToUnitType":"GoPackage","ToVersionString":"go1.5.1"}}]
