{"Defs":[{"Data":{"Exported":true,"Kind":"package","PackageImportPath":"github.com/sgtest/go13-sample","PkgName":"main","TypeString":""},"DefEnd":0,"DefStart":0,"Exported":true,"File":".","Kind":"package","Name":"main","Path":".","TreePath":".","Unit":"github.com/sgtest/go13-sample","UnitType":"GoPackage"},{"Data":{"Kind":"func","PackageImportPath":"github.com/sgtest/go13-sample","PkgName":"main","PkgScope":true,"TypeString":"func()","UnderlyingTypeString":"func()"},"DefEnd":72,"DefStart":28,"File":"go13sample.go","Kind":"func","Name":"main","Path":"go13sample.go/main","TreePath":"./go13sample/main","Unit":"github.com/sgtest/go13-sample","UnitType":"GoPackage"}],"Refs":[{"DefPath":".","DefUnit":"github.com/sgtest/go13-sample","DefUnitType":"GoPackage","End":12,"File":"go13sample.go","Start":8},{"DefPath":".","DefRepo":"github.com/golang/go","DefUnit":"fmt","DefUnitType":"GoPackage","End":26,"File":"go13sample.go","Start":21},{"DefPath":".","DefRepo":"github.com/golang/go","DefUnit":"fmt","DefUnitType":"GoPackage","End":46,"File":"go13sample.go","Start":43},{"DefPath":"Println","DefRepo":"github.com/golang/go","DefUnit":"fmt","DefUnitType":"GoPackage","End":54,"File":"go13sample.go","Start":47},{"Def":true,"DefPath":"go13sample.go/main","DefUnit":"github.com/sgtest/go13-sample","DefUnitType":"GoPackage","End":37,"File":"go13sample.go","Start":33}]}
