{
  "Defs": [
    {
      "UnitType": "GoPackage",
      "Unit": "github.com/sgtest/go-misc/go_subrepo_import",
      "Path": ".",
      "Name": "go_subrepo_import",
      "Kind": "package",
      "File": "go_subrepo_import",
      "DefStart": 0,
      "DefEnd": 0,
      "Exported": true,
      "Data": {
        "Exported": true,
        "PkgName": "go_subrepo_import",
        "TypeString": "",
        "Kind": "package",
        "PackageImportPath": "github.com/sgtest/go-misc/go_subrepo_import"
      },
      "TreePath": "."
    },
    {
      "UnitType": "GoPackage",
      "Unit": "github.com/sgtest/go-misc/go_subrepo_import",
      "Path": "Foo",
      "Name": "Foo",
      "Kind": "func",
      "File": "go_subrepo_import/go_subrepo_import.go",
      "DefStart": 195,
      "DefEnd": 263,
      "Exported": true,
      "Data": {
        "Exported": true,
        "PkgScope": true,
        "PkgName": "go_subrepo_import",
        "TypeString": "func()",
        "UnderlyingTypeString": "func()",
        "Kind": "func",
        "PackageImportPath": "github.com/sgtest/go-misc/go_subrepo_import"
      },
      "TreePath": "./Foo"
    },
    {
      "UnitType": "GoPackage",
      "Unit": "github.com/sgtest/go-misc/go_subrepo_import",
      "Path": "Foo/c",
      "Name": "c",
      "Kind": "var",
      "File": "go_subrepo_import/go_subrepo_import.go",
      "DefStart": 209,
      "DefEnd": 225,
      "Local": true,
      "Data": {
        "PkgName": "go_subrepo_import",
        "TypeString": "golang.org/x/net/ipv6.Conn",
        "UnderlyingTypeString": "struct{golang.org/x/net/ipv6.genericOpt}",
        "Kind": "var",
        "PackageImportPath": "github.com/sgtest/go-misc/go_subrepo_import"
      },
      "TreePath": "./Foo/c"
    },
    {
      "UnitType": "GoPackage",
      "Unit": "github.com/sgtest/go-misc/go_subrepo_import",
      "Path": "Foo/t",
      "Name": "t",
      "Kind": "var",
      "File": "go_subrepo_import/go_subrepo_import.go",
      "DefStart": 235,
      "DefEnd": 254,
      "Local": true,
      "Data": {
        "PkgName": "go_subrepo_import",
        "TypeString": "go/types.Config",
        "UnderlyingTypeString": "struct{IgnoreFuncBodies bool; FakeImportC bool; Error func(err error); Importer go/types.Importer; Sizes go/types.Sizes; DisableUnusedImportCheck bool}",
        "Kind": "var",
        "PackageImportPath": "github.com/sgtest/go-misc/go_subrepo_import"
      },
      "TreePath": "./Foo/t"
    }
  ],
  "Refs": [
    {
      "DefUnitType": "GoPackage",
      "DefUnit": "github.com/sgtest/go-misc/go_subrepo_import",
      "DefPath": ".",
      "Unit": "github.com/sgtest/go-misc/go_subrepo_import",
      "File": "go_subrepo_import/go_subrepo_import.go",
      "Start": 127,
      "End": 144
    },
    {
      "DefRepo": "github.com/golang/go",
      "DefUnitType": "GoPackage",
      "DefUnit": "go/types",
      "DefPath": ".",
      "Unit": "github.com/sgtest/go-misc/go_subrepo_import",
      "File": "go_subrepo_import/go_subrepo_import.go",
      "Start": 156,
      "End": 166
    },
    {
      "DefRepo": "github.com/golang/go",
      "DefUnitType": "GoPackage",
      "DefUnit": "go/types",
      "DefPath": ".",
      "Unit": "github.com/sgtest/go-misc/go_subrepo_import",
      "File": "go_subrepo_import/go_subrepo_import.go",
      "Start": 240,
      "End": 245
    },
    {
      "DefRepo": "github.com/golang/net",
      "DefUnitType": "GoPackage",
      "DefUnit": "github.com/golang/net/ipv6",
      "DefPath": ".",
      "Unit": "github.com/sgtest/go-misc/go_subrepo_import",
      "File": "go_subrepo_import/go_subrepo_import.go",
      "Start": 168,
      "End": 191
    },
    {
      "DefRepo": "github.com/golang/net",
      "DefUnitType": "GoPackage",
      "DefUnit": "github.com/golang/net/ipv6",
      "DefPath": ".",
      "Unit": "github.com/sgtest/go-misc/go_subrepo_import",
      "File": "go_subrepo_import/go_subrepo_import.go",
      "Start": 214,
      "End": 218
    },
    {
      "DefRepo": "github.com/golang/go",
      "DefUnitType": "GoPackage",
      "DefUnit": "go/types",
      "DefPath": "Config",
      "Unit": "github.com/sgtest/go-misc/go_subrepo_import",
      "File": "go_subrepo_import/go_subrepo_import.go",
      "Start": 246,
      "End": 252
    },
    {
      "DefRepo": "github.com/golang/net",
      "DefUnitType": "GoPackage",
      "DefUnit": "github.com/golang/net/ipv6",
      "DefPath": "Conn",
      "Unit": "github.com/sgtest/go-misc/go_subrepo_import",
      "File": "go_subrepo_import/go_subrepo_import.go",
      "Start": 219,
      "End": 223
    },
    {
      "DefUnitType": "GoPackage",
      "DefUnit": "github.com/sgtest/go-misc/go_subrepo_import",
      "DefPath": "Foo/c",
      "Unit": "github.com/sgtest/go-misc/go_subrepo_import",
      "Def": true,
      "File": "go_subrepo_import/go_subrepo_import.go",
      "Start": 209,
      "End": 210
    },
    {
      "DefUnitType": "GoPackage",
      "DefUnit": "github.com/sgtest/go-misc/go_subrepo_import",
      "DefPath": "Foo/c",
      "Unit": "github.com/sgtest/go-misc/go_subrepo_import",
      "File": "go_subrepo_import/go_subrepo_import.go",
      "Start": 231,
      "End": 232
    },
    {
      "DefUnitType": "GoPackage",
      "DefUnit": "github.com/sgtest/go-misc/go_subrepo_import",
      "DefPath": "Foo/t",
      "Unit": "github.com/sgtest/go-misc/go_subrepo_import",
      "Def": true,
      "File": "go_subrepo_import/go_subrepo_import.go",
      "Start": 235,
      "End": 236
    },
    {
      "DefUnitType": "GoPackage",
      "DefUnit": "github.com/sgtest/go-misc/go_subrepo_import",
      "DefPath": "Foo/t",
      "Unit": "github.com/sgtest/go-misc/go_subrepo_import",
      "File": "go_subrepo_import/go_subrepo_import.go",
      "Start": 260,
      "End": 261
    },
    {
      "DefUnitType": "GoPackage",
      "DefUnit": "github.com/sgtest/go-misc/go_subrepo_import",
      "DefPath": "Foo",
      "Unit": "github.com/sgtest/go-misc/go_subrepo_import",
      "Def": true,
      "File": "go_subrepo_import/go_subrepo_import.go",
      "Start": 200,
      "End": 203
    }
  ],
  "Docs": [
    {
      "Path": "",
      "Format": "text/html",
      "Data": "\u003cp\u003e\nPackage go_subrepo_import tests that srclib-go properly resolves imports of\nGo subrepositories (golang.org/x/*).\n\u003c/p\u003e\n",
      "File": "go_subrepo_import/go_subrepo_import.go",
      "End": 118,
      "DocUnit": "github.com/sgtest/go-misc/go_subrepo_import"
    },
    {
      "Path": "",
      "Format": "text/plain",
      "Data": "Package go_subrepo_import tests that srclib-go properly resolves imports of\nGo subrepositories (golang.org/x/*).\n",
      "File": "go_subrepo_import/go_subrepo_import.go",
      "End": 118,
      "DocUnit": "github.com/sgtest/go-misc/go_subrepo_import"
    },
    {
      "UnitType": "GoPackage",
      "Unit": "github.com/sgtest/go-misc/go_subrepo_import",
      "Path": ".",
      "Format": "text/html",
      "Data": "\u003cp\u003e\nPackage go_subrepo_import tests that srclib-go properly resolves imports of\nGo subrepositories (golang.org/x/*).\n\u003c/p\u003e\n",
      "DocUnit": "github.com/sgtest/go-misc/go_subrepo_import"
    },
    {
      "UnitType": "GoPackage",
      "Unit": "github.com/sgtest/go-misc/go_subrepo_import",
      "Path": ".",
      "Format": "text/plain",
      "Data": "Package go_subrepo_import tests that srclib-go properly resolves imports of\nGo subrepositories (golang.org/x/*).\n",
      "DocUnit": "github.com/sgtest/go-misc/go_subrepo_import"
    }
  ]
}