{"Name":"github.com/sgtest/go-misc/go_subrepo_import","Type":"GoPackage","Repo":"github.com/sgtest/go-misc","Globs":null,"Files":["go_subrepo_import/go_subrepo_import.go"],"Dir":"go_subrepo_import","Dependencies":["golang.org/x/net/ipv6","golang.org/x/tools/go/types"],"Data":{"AllTags":null,"BinDir":"","CFiles":null,"CXXFiles":null,"CgoCFLAGS":null,"CgoCPPFLAGS":null,"CgoCXXFLAGS":null,"CgoFiles":null,"CgoLDFLAGS":null,"CgoPkgConfig":null,"ConflictDir":"","Dir":"go_subrepo_import","Doc":"Package go_subrepo_import tests that srclib-go properly resolves imports of Go subrepositories (golang.org/x/*).","GoFiles":["go_subrepo_import.go"],"Goroot":false,"HFiles":null,"IgnoredGoFiles":null,"ImportComment":"","ImportPath":"github.com/sgtest/go-misc/go_subrepo_import","ImportPos":null,"Imports":["golang.org/x/net/ipv6","golang.org/x/tools/go/types"],"MFiles":null,"Name":"go_subrepo_import","PkgObj":"","PkgRoot":"","Root":"","SFiles":null,"SrcRoot":"","SwigCXXFiles":null,"SwigFiles":null,"SysoFiles":null,"TestGoFiles":null,"TestImportPos":null,"TestImports":null,"XTestGoFiles":null,"XTestImportPos":null,"XTestImports":null},"Ops":{"depresolve":null,"graph":null}}
