{"Name":"github.com/alice/mypkg","Type":"GoPackage","Files":["vendor/src/github.com/alice/mypkg/mypkg.go"],"Dir":"vendor/src/github.com/alice/mypkg","Data":{"Dir":"vendor/src/github.com/alice/mypkg","Name":"mypkg","ImportComment":"","Doc":"Package mypkg is a vendored dependency.","ImportPath":"github.com/alice/mypkg","Root":"","SrcRoot":"","PkgRoot":"","PkgTargetRoot":"","BinDir":"","Goroot":false,"PkgObj":"","AllTags":null,"ConflictDir":"","GoFiles":["mypkg.go"],"CgoFiles":null,"IgnoredGoFiles":null,"InvalidGoFiles":null,"CFiles":null,"CXXFiles":null,"MFiles":null,"HFiles":null,"SFiles":null,"SwigFiles":null,"SwigCXXFiles":null,"SysoFiles":null,"CgoCFLAGS":null,"CgoCPPFLAGS":null,"CgoCXXFLAGS":null,"CgoLDFLAGS":null,"CgoPkgConfig":null,"Imports":[],"ImportPos":null,"TestGoFiles":null,"TestImports":[],"TestImportPos":null,"XTestGoFiles":null,"XTestImports":[],"XTestImportPos":null},"Config":{"GOPATH":"vendor"},"Ops":{"depresolve":null,"graph-all":null}}
