{"Name":"github.com/sgtest/go-testonly","Type":"GoPackage","Files":["foo_test.go"],"Dir":".","Data":{"AllTags":null,"BinDir":"","CFiles":null,"CXXFiles":null,"CgoCFLAGS":null,"CgoCPPFLAGS":null,"CgoCXXFLAGS":null,"CgoFiles":null,"CgoLDFLAGS":null,"CgoPkgConfig":null,"ConflictDir":"","Dir":".","Doc":"","GoFiles":null,"Goroot":false,"HFiles":null,"IgnoredGoFiles":null,"ImportComment":"","ImportPath":"github.com/sgtest/go-testonly","ImportPos":null,"Imports":[],"InvalidGoFiles":null,"MFiles":null,"Name":"foo","PkgObj":"","PkgRoot":"","PkgTargetRoot":"","Root":"","SFiles":null,"SrcRoot":"","SwigCXXFiles":null,"SwigFiles":null,"SysoFiles":null,"TestGoFiles":["foo_test.go"],"TestImportPos":null,"TestImports":[],"XTestGoFiles":null,"XTestImportPos":null,"XTestImports":[]},"Ops":{"depresolve":null,"graph":null}}
