{"Name":"github.com/sourcegraph/john-test/hi","Type":"GoPackage","Files":["Godeps/_workspace/src/github.com/sourcegraph/john-test/hi/hi.go"],"Dir":"Godeps/_workspace/src/github.com/sourcegraph/john-test/hi","Data":{"Dir":"Godeps/_workspace/src/github.com/sourcegraph/john-test/hi","Name":"hi","ImportComment":"","Doc":"","ImportPath":"github.com/sourcegraph/john-test/hi","Root":"","SrcRoot":"","PkgRoot":"","PkgTargetRoot":"","BinDir":"","Goroot":false,"PkgObj":"","AllTags":null,"ConflictDir":"","GoFiles":["hi.go"],"CgoFiles":null,"IgnoredGoFiles":null,"InvalidGoFiles":null,"CFiles":null,"CXXFiles":null,"MFiles":null,"HFiles":null,"SFiles":null,"SwigFiles":null,"SwigCXXFiles":null,"SysoFiles":null,"CgoCFLAGS":null,"CgoCPPFLAGS":null,"CgoCXXFLAGS":null,"CgoLDFLAGS":null,"CgoPkgConfig":null,"Imports":[],"ImportPos":null,"TestGoFiles":null,"TestImports":[],"TestImportPos":null,"XTestGoFiles":null,"XTestImports":[],"XTestImportPos":null},"Config":{"GOPATH":"Godeps/_workspace"},"Ops":{"depresolve":null,"graph-all":null}}
