{
  "Name": "runtime",
  "Type": "GoPackage",
  "Repo": "github.com/sgtest/minimal-go-stdlib",
  "Globs": null,
  "Files": [
    "src/pkg/runtime/runtime.go"
  ],
  "Dir": "src/pkg/runtime",
  "Data": {
    "AllTags": null,
    "BinDir": "",
    "CFiles": null,
    "CXXFiles": null,
    "CgoCFLAGS": null,
    "CgoCPPFLAGS": null,
    "CgoCXXFLAGS": null,
    "CgoFiles": null,
    "CgoLDFLAGS": null,
    "CgoPkgConfig": null,
    "ConflictDir": "",
    "Dir": "src/pkg/runtime",
    "Doc": "",
    "GoFiles": [
      "runtime.go"
    ],
    "Goroot": true,
    "HFiles": null,
    "IgnoredGoFiles": null,
    "ImportPath": "runtime",
    "ImportPos": null,
    "Imports": null,
    "MFiles": null,
    "Name": "runtime",
    "PkgObj": "",
    "PkgRoot": "",
    "Root": "",
    "SFiles": null,
    "SrcRoot": "",
    "SwigCXXFiles": null,
    "SwigFiles": null,
    "SysoFiles": null,
    "TestGoFiles": null,
    "TestImportPos": null,
    "TestImports": null,
    "XTestGoFiles": null,
    "XTestImportPos": null,
    "XTestImports": null
  },
  "Config": {
    "GOROOT": ".",
    "SourceImports": true
  },
  "Ops": {
    "depresolve": null,
    "graph": null
  }
}