{
  "Defs": [
    {
      "UnitType": "GoPackage",
      "Unit": "runtime",
      "Path": ".",
      "TreePath": ".",
      "Name": "runtime",
      "Kind": "package",
      "File": "src/runtime",
      "DefStart": 0,
      "DefEnd": 0,
      "Exported": true,
      "Local": null,
      "Data": {
        "Exported": true,
        "PkgName": "runtime",
        "TypeString": "",
        "Kind": "package",
        "PackageImportPath": "runtime"
      }
    }
  ],
  "Refs": [
    {
      "DefRepo": "",
      "DefUnitType": "GoPackage",
      "DefUnit": "runtime",
      "DefPath": ".",
      "Def": false,
      "Repo": "",
      "File": "src/runtime/runtime.go",
      "Start": 8,
      "End": 15
    }
  ]
}