{"Name":"github.com/sgtest/go-misc/multiple_mains","Type":"GoPackage","Repo":"github.com/sgtest/go-misc","Files":["multiple_mains/main1.go","multiple_mains/main2.go"],"Dir":"multiple_mains","Data":{"AllTags":null,"BinDir":"","CFiles":null,"CXXFiles":null,"CgoCFLAGS":null,"CgoCPPFLAGS":null,"CgoCXXFLAGS":null,"CgoFiles":null,"CgoLDFLAGS":null,"CgoPkgConfig":null,"ConflictDir":"","Dir":"multiple_mains","Doc":"","GoFiles":["main1.go","main2.go"],"Goroot":false,"HFiles":null,"IgnoredGoFiles":null,"ImportComment":"","ImportPath":"github.com/sgtest/go-misc/multiple_mains","ImportPos":null,"Imports":[],"MFiles":null,"Name":"main","PkgObj":"","PkgRoot":"","PkgTargetRoot":"","Root":"","SFiles":null,"SrcRoot":"","SwigCXXFiles":null,"SwigFiles":null,"SysoFiles":null,"TestGoFiles":null,"TestImportPos":null,"TestImports":[],"XTestGoFiles":null,"XTestImportPos":null,"XTestImports":[]},"Ops":{"depresolve":null,"graph":null}}
