{"Name":"github.com/sgtest/go15vendor","Type":"GoPackage","Repo":"github.com/sgtest/go15vendor","Files":["main.go"],"Dir":".","Dependencies":["fmt","github.com/sourcegraph/john-test/hi"],"Data":{"AllTags":null,"BinDir":"","CFiles":null,"CXXFiles":null,"CgoCFLAGS":null,"CgoCPPFLAGS":null,"CgoCXXFLAGS":null,"CgoFiles":null,"CgoLDFLAGS":null,"CgoPkgConfig":null,"ConflictDir":"","Dir":".","Doc":"","GoFiles":["main.go"],"Goroot":false,"HFiles":null,"IgnoredGoFiles":null,"ImportComment":"","ImportPath":"github.com/sgtest/go15vendor","ImportPos":null,"Imports":["fmt","github.com/sourcegraph/john-test/hi"],"MFiles":null,"Name":"main","PkgObj":"","PkgRoot":"","PkgTargetRoot":"","Root":"","SFiles":null,"SrcRoot":"","SwigCXXFiles":null,"SwigFiles":null,"SysoFiles":null,"TestGoFiles":null,"TestImportPos":null,"TestImports":[],"XTestGoFiles":null,"XTestImportPos":null,"XTestImports":[]},"Config":{"VendorDirs":["vendor"]},"Ops":{"depresolve":null,"graph":null}}
