[
  {
    "Raw": "dummy1",
    "Target": {
      "ToRepoCloneURL": "",
      "ToUnit": "dummy1",
      "ToUnitType": "GoPackage",
      "ToVersionString": "",
      "ToRevSpec": ""
    }
  },
  {
    "Raw": "fmt",
    "Target": {
      "ToRepoCloneURL": "",
      "ToUnit": "fmt",
      "ToUnitType": "GoPackage",
      "ToVersionString": "",
      "ToRevSpec": ""
    }
  }
]
