{
  "Defs": [
    {
      "UnitType": "GoPackage",
      "Unit": "github.com/alice/mypkg2",
      "Path": ".",
      "Name": "mypkg2",
      "Kind": "package",
      "File": "vendor/src/github.com/alice/mypkg2",
      "DefStart": 0,
      "DefEnd": 0,
      "Exported": true,
      "Data": {
        "Exported": true,
        "PkgName": "mypkg2",
        "TypeString": "",
        "Kind": "package",
        "PackageImportPath": "github.com/alice/mypkg2"
      },
      "TreePath": "."
    },
    {
      "UnitType": "GoPackage",
      "Unit": "github.com/alice/mypkg2",
      "Path": "init$mypkg2113",
      "Name": "init",
      "Kind": "func",
      "File": "vendor/src/github.com/alice/mypkg2/mypkg2.go",
      "DefStart": 108,
      "DefEnd": 137,
      "Local": true,
      "Data": {
        "PkgName": "mypkg2",
        "TypeString": "func()",
        "UnderlyingTypeString": "func()",
        "Kind": "func",
        "PackageImportPath": "github.com/alice/mypkg2"
      },
      "TreePath": "./init$mypkg2113"
    }
  ],
  "Refs": [
    {
      "DefUnitType": "GoPackage",
      "DefUnit": "github.com/alice/mypkg2",
      "DefPath": ".",
      "File": "vendor/src/github.com/alice/mypkg2/mypkg2.go",
      "Start": 67,
      "End": 73
    },
    {
      "DefUnitType": "GoPackage",
      "DefUnit": "github.com/alice/mypkg",
      "DefPath": ".",
      "File": "vendor/src/github.com/alice/mypkg2/mypkg2.go",
      "Start": 124,
      "End": 129
    },
    {
      "DefUnitType": "GoPackage",
      "DefUnit": "github.com/alice/mypkg",
      "DefPath": ".",
      "File": "vendor/src/github.com/alice/mypkg2/mypkg2.go",
      "Start": 82,
      "End": 106
    },
    {
      "DefUnitType": "GoPackage",
      "DefUnit": "github.com/alice/mypkg",
      "DefPath": "Foo",
      "File": "vendor/src/github.com/alice/mypkg2/mypkg2.go",
      "Start": 130,
      "End": 133
    },
    {
      "DefUnitType": "GoPackage",
      "DefUnit": "github.com/alice/mypkg2",
      "DefPath": "init$mypkg2113",
      "Def": true,
      "File": "vendor/src/github.com/alice/mypkg2/mypkg2.go",
      "Start": 113,
      "End": 117
    }
  ],
  "Docs": [
    {
      "Path": "",
      "Format": "text/html",
      "Data": "\u003cp\u003e\nPackage mypkg2 tests that it can import a vendored dep.\n\u003c/p\u003e\n",
      "File": "vendor/src/github.com/alice/mypkg2/mypkg2.go",
      "End": 58
    },
    {
      "Path": "",
      "Format": "text/plain",
      "Data": "Package mypkg2 tests that it can import a vendored dep.\n",
      "File": "vendor/src/github.com/alice/mypkg2/mypkg2.go",
      "End": 58
    },
    {
      "UnitType": "GoPackage",
      "Unit": "github.com/alice/mypkg2",
      "Path": ".",
      "Format": "text/html",
      "Data": "\u003cp\u003e\nPackage mypkg2 tests that it can import a vendored dep.\n\u003c/p\u003e\n"
    },
    {
      "UnitType": "GoPackage",
      "Unit": "github.com/alice/mypkg2",
      "Path": ".",
      "Format": "text/plain",
      "Data": "Package mypkg2 tests that it can import a vendored dep.\n"
    }
  ]
}