[
  {
    "Raw": "github.com/alice/mypkg",
    "Target": {
      "ToRepoCloneURL": "",
      "ToUnit": "github.com/alice/mypkg",
      "ToUnitType": "GoPackage",
      "ToVersionString": "",
      "ToRevSpec": ""
    }
  }
]
