{
  "Defs": [
    {
      "UnitType": "GoPackage",
      "Unit": "github.com/sgtest/go-sample-0/mypkg",
      "Path": ".",
      "Name": "mypkg",
      "Kind": "package",
      "File": "mypkg",
      "DefStart": 0,
      "DefEnd": 0,
      "Exported": true,
      "Data": {
        "Exported": true,
        "PkgName": "mypkg",
        "TypeString": "",
        "Kind": "package",
        "PackageImportPath": "github.com/sgtest/go-sample-0/mypkg"
      },
      "TreePath": "."
    },
    {
      "UnitType": "GoPackage",
      "Unit": "github.com/sgtest/go-sample-0/mypkg",
      "Path": "Foo",
      "Name": "Foo",
      "Kind": "func",
      "File": "mypkg/foo.go",
      "DefStart": 15,
      "DefEnd": 28,
      "Exported": true,
      "Data": {
        "Exported": true,
        "PkgScope": true,
        "PkgName": "mypkg",
        "TypeString": "func()",
        "UnderlyingTypeString": "func()",
        "Kind": "func",
        "PackageImportPath": "github.com/sgtest/go-sample-0/mypkg"
      },
      "TreePath": "./Foo"
    },
    {
      "UnitType": "GoPackage",
      "Unit": "github.com/sgtest/go-sample-0/mypkg",
      "Path": "Qux",
      "Name": "Qux",
      "Kind": "type",
      "File": "mypkg/bar.go",
      "DefStart": 43,
      "DefEnd": 53,
      "Exported": true,
      "Data": {
        "Exported": true,
        "PkgScope": true,
        "PkgName": "mypkg",
        "TypeString": "github.com/sgtest/go-sample-0/mypkg.Qux",
        "UnderlyingTypeString": "uint32",
        "Kind": "type",
        "PackageImportPath": "github.com/sgtest/go-sample-0/mypkg"
      },
      "TreePath": "./Qux"
    },
    {
      "UnitType": "GoPackage",
      "Unit": "github.com/sgtest/go-sample-0/mypkg",
      "Path": "init$bar60",
      "Name": "init",
      "Kind": "func",
      "File": "mypkg/bar.go",
      "DefStart": 55,
      "DefEnd": 77,
      "Local": true,
      "Data": {
        "PkgName": "mypkg",
        "TypeString": "func()",
        "UnderlyingTypeString": "func()",
        "Kind": "func",
        "PackageImportPath": "github.com/sgtest/go-sample-0/mypkg"
      },
      "TreePath": "./init$bar60"
    },
    {
      "UnitType": "GoPackage",
      "Unit": "github.com/sgtest/go-sample-0/mypkg",
      "Path": "numcolors",
      "Name": "numcolors",
      "Kind": "var",
      "File": "mypkg/foo.go",
      "DefStart": 34,
      "DefEnd": 47,
      "Data": {
        "PkgScope": true,
        "PkgName": "mypkg",
        "TypeString": "github.com/sgtest/go-sample-0/mypkg.Qux",
        "UnderlyingTypeString": "uint32",
        "Kind": "var",
        "PackageImportPath": "github.com/sgtest/go-sample-0/mypkg"
      },
      "TreePath": "./numcolors"
    }
  ],
  "Refs": [
    {
      "DefUnitType": "GoPackage",
      "DefUnit": "github.com/sgtest/go-sample-0/mypkg",
      "DefPath": ".",
      "File": "mypkg/bar.go",
      "Start": 8,
      "End": 13
    },
    {
      "DefUnitType": "GoPackage",
      "DefUnit": "github.com/sgtest/go-sample-0/mypkg",
      "DefPath": ".",
      "File": "mypkg/foo.go",
      "Start": 8,
      "End": 13
    },
    {
      "DefUnitType": "GoPackage",
      "DefUnit": "github.com/sgtest/go-sample-0/mypkg",
      "DefPath": "Foo",
      "File": "mypkg/bar.go",
      "Start": 70,
      "End": 73
    },
    {
      "DefUnitType": "GoPackage",
      "DefUnit": "github.com/sgtest/go-sample-0/mypkg",
      "DefPath": "Foo",
      "Def": true,
      "File": "mypkg/foo.go",
      "Start": 20,
      "End": 23
    },
    {
      "DefUnitType": "GoPackage",
      "DefUnit": "github.com/sgtest/go-sample-0/mypkg",
      "DefPath": "Qux",
      "Def": true,
      "File": "mypkg/bar.go",
      "Start": 43,
      "End": 46
    },
    {
      "DefUnitType": "GoPackage",
      "DefUnit": "github.com/sgtest/go-sample-0/mypkg",
      "DefPath": "Qux",
      "File": "mypkg/foo.go",
      "Start": 44,
      "End": 47
    },
    {
      "DefUnitType": "GoPackage",
      "DefUnit": "github.com/sgtest/go-sample-0/mypkg",
      "DefPath": "init$bar60",
      "Def": true,
      "File": "mypkg/bar.go",
      "Start": 60,
      "End": 64
    },
    {
      "DefUnitType": "GoPackage",
      "DefUnit": "github.com/sgtest/go-sample-0/mypkg",
      "DefPath": "numcolors",
      "Def": true,
      "File": "mypkg/foo.go",
      "Start": 34,
      "End": 43
    },
    {
      "DefRepo": "github.com/golang/go",
      "DefUnitType": "GoPackage",
      "DefUnit": "builtin",
      "DefPath": "uint32",
      "File": "mypkg/bar.go",
      "Start": 47,
      "End": 53
    }
  ],
  "Docs": [
    {
      "UnitType": "GoPackage",
      "Unit": "github.com/sgtest/go-sample-0/mypkg",
      "Path": "Qux",
      "Format": "text/html",
      "Data": "\u003cp\u003e\nQux is a cool type.\n\u003c/p\u003e\n",
      "File": "mypkg/bar.go",
      "Start": 15,
      "End": 37
    },
    {
      "UnitType": "GoPackage",
      "Unit": "github.com/sgtest/go-sample-0/mypkg",
      "Path": "Qux",
      "Format": "text/plain",
      "Data": "Qux is a cool type.\n",
      "File": "mypkg/bar.go",
      "Start": 15,
      "End": 37
    }
  ]
}