{"Name":"runtime","Type":"GoPackage","Files":["src/runtime/runtime.go"],"Dir":"src/runtime","Data":{"AllTags":null,"BinDir":"","CFiles":null,"CXXFiles":null,"CgoCFLAGS":null,"CgoCPPFLAGS":null,"CgoCXXFLAGS":null,"CgoFiles":null,"CgoLDFLAGS":null,"CgoPkgConfig":null,"ConflictDir":"","Dir":"src/runtime","Doc":"","GoFiles":["runtime.go"],"Goroot":true,"HFiles":null,"IgnoredGoFiles":null,"ImportComment":"","ImportPath":"runtime","ImportPos":null,"Imports":[],"InvalidGoFiles":null,"MFiles":null,"Name":"runtime","PkgObj":"","PkgRoot":"","PkgTargetRoot":"","Root":"","SFiles":null,"SrcRoot":"","SwigCXXFiles":null,"SwigFiles":null,"SysoFiles":null,"TestGoFiles":null,"TestImportPos":null,"TestImports":[],"XTestGoFiles":null,"XTestImportPos":null,"XTestImports":[]},"Config":{"GOROOT":".","SourceImports":true},"Ops":{"depresolve":null,"graph":null}}
