{"Name":"runtime/internal/sys","Type":"GoPackage","Files":["src/runtime/internal/sys/zversion.go"],"Dir":"src/runtime/internal/sys","Data":{"Dir":"src/runtime/internal/sys","Name":"sys","ImportComment":"","Doc":"","ImportPath":"runtime/internal/sys","Root":"","SrcRoot":"","PkgRoot":"","PkgTargetRoot":"","BinDir":"","Goroot":true,"PkgObj":"","AllTags":null,"ConflictDir":"","GoFiles":["zversion.go"],"CgoFiles":null,"IgnoredGoFiles":null,"InvalidGoFiles":null,"CFiles":null,"CXXFiles":null,"MFiles":null,"HFiles":null,"SFiles":null,"SwigFiles":null,"SwigCXXFiles":null,"SysoFiles":null,"CgoCFLAGS":null,"CgoCPPFLAGS":null,"CgoCXXFLAGS":null,"CgoLDFLAGS":null,"CgoPkgConfig":null,"Imports":[],"ImportPos":null,"TestGoFiles":null,"TestImports":[],"TestImportPos":null,"XTestGoFiles":null,"XTestImports":[],"XTestImportPos":null},"Ops":{"depresolve":null,"graph":null}}
