{"Name":"sourcegraph.com/sourcegraph/srclib-go/testdata/case/go-misc/scope","Type":"GoPackage","Repo":"github.com/sgtest/go-misc","Globs":null,"Files":["scope/scope.go"],"Dir":"scope","Data":{"AllTags":null,"BinDir":"","CFiles":null,"CXXFiles":null,"CgoCFLAGS":null,"CgoCPPFLAGS":null,"CgoCXXFLAGS":null,"CgoFiles":null,"CgoLDFLAGS":null,"CgoPkgConfig":null,"ConflictDir":"","Dir":"scope","Doc":"This package tests Exported and Local.","GoFiles":["scope.go"],"Goroot":false,"HFiles":null,"IgnoredGoFiles":null,"ImportComment":"","ImportPath":"sourcegraph.com/sourcegraph/srclib-go/testdata/case/go-misc/scope","ImportPos":null,"Imports":null,"MFiles":null,"Name":"scope","PkgObj":"","PkgRoot":"","Root":"","SFiles":null,"SrcRoot":"","SwigCXXFiles":null,"SwigFiles":null,"SysoFiles":null,"TestGoFiles":null,"TestImportPos":null,"TestImports":null,"XTestGoFiles":null,"XTestImportPos":null,"XTestImports":null},"Ops":{"depresolve":null,"graph":null}}
