{"Name":"cmd/go","Type":"GoPackage","Files":["src/cmd/go/main.go"],"Dir":"src/cmd/go","Dependencies":[{"Repo":"?","Type":"GoPackage","Name":"dummy0"}],"Data":{"Dir":"src/cmd/go","Name":"main","ImportComment":"","Doc":"","ImportPath":"cmd/go","Root":"","SrcRoot":"","PkgRoot":"","PkgTargetRoot":"","BinDir":"","Goroot":true,"PkgObj":"","AllTags":null,"ConflictDir":"","GoFiles":["main.go"],"CgoFiles":null,"IgnoredGoFiles":null,"InvalidGoFiles":null,"CFiles":null,"CXXFiles":null,"MFiles":null,"HFiles":null,"SFiles":null,"SwigFiles":null,"SwigCXXFiles":null,"SysoFiles":null,"CgoCFLAGS":null,"CgoCPPFLAGS":null,"CgoCXXFLAGS":null,"CgoLDFLAGS":null,"CgoPkgConfig":null,"Imports":["dummy0"],"ImportPos":null,"TestGoFiles":null,"TestImports":[],"TestImportPos":null,"XTestGoFiles":null,"XTestImports":[],"XTestImportPos":null},"Ops":{"depresolve":null,"graph":null}}
