{"Name":"github.com/alice/mypkg","Type":"GoPackage","Repo":"github.com/sgtest/gopathtest","Files":["vendor/src/github.com/alice/mypkg/mypkg.go"],"Dir":"vendor/src/github.com/alice/mypkg","Data":{"AllTags":null,"BinDir":"","CFiles":null,"CXXFiles":null,"CgoCFLAGS":null,"CgoCPPFLAGS":null,"CgoCXXFLAGS":null,"CgoFiles":null,"CgoLDFLAGS":null,"CgoPkgConfig":null,"ConflictDir":"","Dir":"vendor/src/github.com/alice/mypkg","Doc":"Package mypkg is a vendored dependency.","GoFiles":["mypkg.go"],"Goroot":false,"HFiles":null,"IgnoredGoFiles":null,"ImportComment":"","ImportPath":"github.com/alice/mypkg","ImportPos":null,"Imports":[],"MFiles":null,"Name":"mypkg","PkgObj":"","PkgRoot":"","PkgTargetRoot":"","Root":"","SFiles":null,"SrcRoot":"","SwigCXXFiles":null,"SwigFiles":null,"SysoFiles":null,"TestGoFiles":null,"TestImportPos":null,"TestImports":[],"XTestGoFiles":null,"XTestImportPos":null,"XTestImports":[]},"Config":{"GOPATH":"vendor"},"Ops":{"depresolve":null,"graph":null}}
