{
  "Defs": [
    {
      "UnitType": "GoPackage",
      "Unit": "github.com/sgtest/godep-include",
      "Path": ".",
      "Name": "main",
      "Kind": "package",
      "File": ".",
      "DefStart": 0,
      "DefEnd": 0,
      "Exported": true,
      "Data": {
        "Exported": true,
        "PkgName": "main",
        "TypeString": "",
        "Kind": "package",
        "PackageImportPath": "github.com/sgtest/godep-include"
      },
      "TreePath": "."
    },
    {
      "UnitType": "GoPackage",
      "Unit": "github.com/sgtest/godep-include",
      "Path": "main.go/main",
      "Name": "main",
      "Kind": "func",
      "File": "main.go",
      "DefStart": 73,
      "DefEnd": 113,
      "Data": {
        "PkgScope": true,
        "PkgName": "main",
        "TypeString": "func()",
        "UnderlyingTypeString": "func()",
        "Kind": "func",
        "PackageImportPath": "github.com/sgtest/godep-include"
      },
      "TreePath": "./main/main"
    }
  ],
  "Refs": [
    {
      "DefUnitType": "GoPackage",
      "DefUnit": "github.com/sgtest/godep-include",
      "DefPath": ".",
      "File": "main.go",
      "Start": 8,
      "End": 12
    },
    {
      "DefUnitType": "GoPackage",
      "DefUnit": "github.com/sourcegraph/john-test/hi",
      "DefPath": ".",
      "File": "main.go",
      "Start": 100,
      "End": 102
    },
    {
      "DefUnitType": "GoPackage",
      "DefUnit": "github.com/sourcegraph/john-test/hi",
      "DefPath": ".",
      "File": "main.go",
      "Start": 32,
      "End": 69
    },
    {
      "DefRepo": "github.com/golang/go",
      "DefUnitType": "GoPackage",
      "DefUnit": "fmt",
      "DefPath": ".",
      "File": "main.go",
      "Start": 24,
      "End": 29
    },
    {
      "DefRepo": "github.com/golang/go",
      "DefUnitType": "GoPackage",
      "DefUnit": "fmt",
      "DefPath": ".",
      "File": "main.go",
      "Start": 88,
      "End": 91
    },
    {
      "DefUnitType": "GoPackage",
      "DefUnit": "github.com/sourcegraph/john-test/hi",
      "DefPath": "GetHi",
      "File": "main.go",
      "Start": 103,
      "End": 108
    },
    {
      "DefRepo": "github.com/golang/go",
      "DefUnitType": "GoPackage",
      "DefUnit": "fmt",
      "DefPath": "Println",
      "File": "main.go",
      "Start": 92,
      "End": 99
    },
    {
      "DefUnitType": "GoPackage",
      "DefUnit": "github.com/sgtest/godep-include",
      "DefPath": "main.go/main",
      "Def": true,
      "File": "main.go",
      "Start": 78,
      "End": 82
    }
  ]
}