{"Name":"github.com/sgtest/go-misc/scope","Type":"GoPackage","Files":["scope/scope.go"],"Dir":"scope","Dependencies":[{"Repo":"?","Type":"GoPackage","Name":"fmt"},{"Repo":"?","Type":"GoPackage","Name":"strings"}],"Data":{"Dir":"scope","Name":"scope","ImportComment":"","Doc":"This package tests Exported and Local.","ImportPath":"github.com/sgtest/go-misc/scope","Root":"","SrcRoot":"","PkgRoot":"","PkgTargetRoot":"","BinDir":"","Goroot":false,"PkgObj":"","AllTags":null,"ConflictDir":"","GoFiles":["scope.go"],"CgoFiles":null,"IgnoredGoFiles":null,"InvalidGoFiles":null,"CFiles":null,"CXXFiles":null,"MFiles":null,"HFiles":null,"SFiles":null,"SwigFiles":null,"SwigCXXFiles":null,"SysoFiles":null,"CgoCFLAGS":null,"CgoCPPFLAGS":null,"CgoCXXFLAGS":null,"CgoLDFLAGS":null,"CgoPkgConfig":null,"Imports":["fmt","strings"],"ImportPos":null,"TestGoFiles":null,"TestImports":[],"TestImportPos":null,"XTestGoFiles":null,"XTestImports":[],"XTestImportPos":null},"Ops":{"depresolve":null,"graph-all":null}}
