{"Name":"github.com/sgtest/go-misc/label","Type":"GoPackage","Files":["label/label.go"],"Dir":"label","Data":{"AllTags":null,"BinDir":"","CFiles":null,"CXXFiles":null,"CgoCFLAGS":null,"CgoCPPFLAGS":null,"CgoCXXFLAGS":null,"CgoFiles":null,"CgoLDFLAGS":null,"CgoPkgConfig":null,"ConflictDir":"","Dir":"label","Doc":"","GoFiles":["label.go"],"Goroot":false,"HFiles":null,"IgnoredGoFiles":null,"ImportComment":"","ImportPath":"github.com/sgtest/go-misc/label","ImportPos":null,"Imports":[],"InvalidGoFiles":null,"MFiles":null,"Name":"label","PkgObj":"","PkgRoot":"","PkgTargetRoot":"","Root":"","SFiles":null,"SrcRoot":"","SwigCXXFiles":null,"SwigFiles":null,"SysoFiles":null,"TestGoFiles":null,"TestImportPos":null,"TestImports":[],"XTestGoFiles":null,"XTestImportPos":null,"XTestImports":[]},"Ops":{"depresolve":null,"graph-all":null}}
